// Jest Snapshot v1, https://goo.gl/fbAQLP

exports[`Main component rendering performs snapshot testing 1`] = `
{
  "asFragment": [Function],
  "baseElement": <body>
    <div>
      <div
        class="MuiBox-root css-0"
      >
        <img
          alt="Plant"
          class="MuiBox-root css-1guk29"
          src="default"
        />
        <div
          class="MuiContainer-root MuiContainer-maxWidthMd css-xdmu94-MuiContainer-root"
        >
          <div
            class="MuiGrid2-root MuiGrid2-container MuiGrid2-direction-xs-row css-1pi8xg4-MuiGrid2-root"
          >
            <div
              class="MuiGrid2-root MuiGrid2-direction-xs-row MuiGrid2-grid-xs-12 MuiGrid2-grid-md-8 css-4jx1gz-MuiGrid2-root"
            >
              <h1
                class="MuiTypography-root MuiTypography-h1 css-1bvf1x2-MuiTypography-root"
              >
                Bringing Nature Indoors
              </h1>
              <p
                class="MuiTypography-root MuiTypography-body1 css-ahj2mt-MuiTypography-root"
              >
                Step into a lush oasis of tranquility with our exquisite collection of indoor plants, where every leaf tells a story of beauty and natural elegance.
              </p>
            </div>
            <div
              class="MuiGrid2-root MuiGrid2-direction-xs-row MuiGrid2-grid-xs-12 MuiGrid2-grid-md-4 css-1d6tzcd-MuiGrid2-root"
            >
              <div
                class="MuiBox-root css-0"
              >
                <div
                  class="MuiPaper-root MuiPaper-elevation MuiPaper-rounded MuiPaper-elevation3 css-3su884-MuiPaper-root"
                >
                  <div
                    class="MuiBox-root css-0"
                  >
                    <img
                      alt="Plant"
                      class="MuiBox-root css-0"
                      src="image.png"
                    />
                    <div
                      class="MuiBox-root css-0"
                    >
                      <div
                        class="MuiTypography-root MuiTypography-h5 MuiTypography-gutterBottom css-ix1vfo-MuiTypography-root"
                      >
                        Product Test1
                      </div>
                      <p
                        class="MuiTypography-root MuiTypography-body2 css-r40f8v-MuiTypography-root"
                      >
                        Description 1
                      </p>
                    </div>
                  </div>
                  <div
                    class="MuiBox-root css-0"
                  >
                    <div
                      class="MuiBox-root css-0"
                    >
                      <p
                        class="MuiTypography-root MuiTypography-body1 css-1coh8cf-MuiTypography-root"
                      >
                        20
                         â‚¬
                      </p>
                    </div>
                    <div
                      class="MuiBox-root css-0"
                    >
                      <button
                        aria-label="add"
                        class="MuiButtonBase-root MuiIconButton-root MuiIconButton-sizeLarge css-16rd89w-MuiButtonBase-root-MuiIconButton-root"
                        data-mui-internal-clone-element="true"
                        tabindex="0"
                        type="button"
                      >
                        <svg
                          aria-hidden="true"
                          class="MuiSvgIcon-root MuiSvgIcon-fontSizeMedium css-i4bv87-MuiSvgIcon-root"
                          data-testid="AddShoppingCartIcon"
                          focusable="false"
                          viewBox="0 0 24 24"
                        >
                          <path
                            d="M11 9h2V6h3V4h-3V1h-2v3H8v2h3zm-4 9c-1.1 0-1.99.9-1.99 2S5.9 22 7 22s2-.9 2-2-.9-2-2-2m10 0c-1.1 0-1.99.9-1.99 2s.89 2 1.99 2 2-.9 2-2-.9-2-2-2m-9.83-3.25.03-.12.9-1.63h7.45c.75 0 1.41-.41 1.75-1.03l3.86-7.01L19.42 4h-.01l-1.1 2-2.76 5H8.53l-.13-.27L6.16 6l-.95-2-.94-2H1v2h2l3.6 7.59-1.35 2.45c-.16.28-.25.61-.25.96 0 1.1.9 2 2 2h12v-2H7.42c-.13 0-.25-.11-.25-.25"
                          />
                        </svg>
                        <span
                          class="MuiTouchRipple-root css-8je8zh-MuiTouchRipple-root"
                        />
                      </button>
                    </div>
                  </div>
                </div>
              </div>
            </div>
            <div
              class="MuiGrid2-root MuiGrid2-direction-xs-row MuiGrid2-grid-xs-12 css-16fnxy3-MuiGrid2-root"
            >
              <h4
                class="MuiTypography-root MuiTypography-h4 css-5lbw0b-MuiTypography-root"
              >
                Promotions
              </h4>
            </div>
            <div
              class="MuiGrid2-root MuiGrid2-direction-xs-row MuiGrid2-grid-xs-12 css-8e9h1c-MuiGrid2-root"
            >
              <div
                class="MuiBox-root css-0"
                data-testid="info"
              >
                <div
                  class="MuiPaper-root MuiPaper-elevation MuiPaper-rounded MuiPaper-elevation3 css-3su884-MuiPaper-root"
                >
                  <div
                    class="MuiBox-root css-1nnw2ij"
                  >
                    <img
                      alt="Plant"
                      class="MuiBox-root css-0"
                      src="/images/home/promo.webp"
                    />
                    <div
                      class="MuiBox-root css-0"
                    >
                      <div
                        class="MuiTypography-root MuiTypography-h5 MuiTypography-gutterBottom css-1r10n4f-MuiTypography-root"
                      >
                        Summer time
                      </div>
                      <p
                        class="MuiTypography-root MuiTypography-body2 css-r40f8v-MuiTypography-root"
                      >
                        Take advantage of an additional discount during the summer using the promotional code:
                      </p>
                      <h6
                        class="MuiTypography-root MuiTypography-h6 css-2ulfj5-MuiTypography-root"
                      >
                        SUMMER2024
                      </h6>
                      <div
                        class="MuiBox-root css-0"
                      >
                        <button
                          class="MuiButtonBase-root MuiButton-root MuiButton-contained MuiButton-containedPrimary MuiButton-sizeMedium MuiButton-containedSizeMedium MuiButton-colorPrimary MuiButton-root MuiButton-contained MuiButton-containedPrimary MuiButton-sizeMedium MuiButton-containedSizeMedium MuiButton-colorPrimary css-lll1vm-MuiButtonBase-root-MuiButton-root"
                          tabindex="0"
                          type="button"
                        >
                          To Catalog
                          <span
                            class="MuiTouchRipple-root css-8je8zh-MuiTouchRipple-root"
                          />
                        </button>
                      </div>
                    </div>
                  </div>
                </div>
              </div>
            </div>
            <div
              class="MuiGrid2-root MuiGrid2-direction-xs-row MuiGrid2-grid-xs-12 css-16fnxy3-MuiGrid2-root"
            >
              <h4
                class="MuiTypography-root MuiTypography-h4 css-5lbw0b-MuiTypography-root"
              >
                Our special offers
              </h4>
            </div>
            <div
              class="MuiGrid2-root MuiGrid2-direction-xs-row MuiGrid2-grid-xs-12 css-8e9h1c-MuiGrid2-root"
            >
              <div
                class="MuiBox-root css-i9gxme"
              >
                <div
                  class="MuiGrid2-root MuiGrid2-container MuiGrid2-direction-xs-row MuiGrid2-spacing-xs-2 MuiGrid2-spacing-md-3 css-phooid-MuiGrid2-root"
                >
                  <div
                    class="MuiGrid2-root MuiGrid2-direction-xs-row MuiGrid2-grid-xs-4 MuiGrid2-grid-sm-4 MuiGrid2-grid-md-4 css-rxdc07-MuiGrid2-root"
                  >
                    <div
                      class="MuiBox-root css-0"
                    >
                      <div
                        class="MuiPaper-root MuiPaper-elevation MuiPaper-rounded MuiPaper-elevation3 css-3su884-MuiPaper-root"
                      >
                        <div
                          class="MuiBox-root css-0"
                        >
                          <img
                            alt="Plant"
                            class="MuiBox-root css-0"
                            src="image2.png"
                          />
                          <div
                            class="MuiBox-root css-0"
                          >
                            <div
                              class="MuiTypography-root MuiTypography-h5 MuiTypography-gutterBottom css-ix1vfo-MuiTypography-root"
                            >
                              Product Test2
                            </div>
                            <p
                              class="MuiTypography-root MuiTypography-body2 css-r40f8v-MuiTypography-root"
                            >
                              Description 2
                            </p>
                          </div>
                        </div>
                        <div
                          class="MuiBox-root css-0"
                        >
                          <div
                            class="MuiBox-root css-0"
                          >
                            <p
                              class="MuiTypography-root MuiTypography-body1 css-1coh8cf-MuiTypography-root"
                            >
                              20
                               â‚¬
                            </p>
                          </div>
                          <div
                            class="MuiBox-root css-0"
                          >
                            <button
                              aria-label="add"
                              class="MuiButtonBase-root MuiIconButton-root MuiIconButton-sizeLarge css-16rd89w-MuiButtonBase-root-MuiIconButton-root"
                              data-mui-internal-clone-element="true"
                              tabindex="0"
                              type="button"
                            >
                              <svg
                                aria-hidden="true"
                                class="MuiSvgIcon-root MuiSvgIcon-fontSizeMedium css-i4bv87-MuiSvgIcon-root"
                                data-testid="AddShoppingCartIcon"
                                focusable="false"
                                viewBox="0 0 24 24"
                              >
                                <path
                                  d="M11 9h2V6h3V4h-3V1h-2v3H8v2h3zm-4 9c-1.1 0-1.99.9-1.99 2S5.9 22 7 22s2-.9 2-2-.9-2-2-2m10 0c-1.1 0-1.99.9-1.99 2s.89 2 1.99 2 2-.9 2-2-.9-2-2-2m-9.83-3.25.03-.12.9-1.63h7.45c.75 0 1.41-.41 1.75-1.03l3.86-7.01L19.42 4h-.01l-1.1 2-2.76 5H8.53l-.13-.27L6.16 6l-.95-2-.94-2H1v2h2l3.6 7.59-1.35 2.45c-.16.28-.25.61-.25.96 0 1.1.9 2 2 2h12v-2H7.42c-.13 0-.25-.11-.25-.25"
                                />
                              </svg>
                              <span
                                class="MuiTouchRipple-root css-8je8zh-MuiTouchRipple-root"
                              />
                            </button>
                          </div>
                        </div>
                      </div>
                    </div>
                  </div>
                </div>
              </div>
            </div>
          </div>
        </div>
      </div>
    </div>
  </body>,
  "container": <div>
    <div
      class="MuiBox-root css-0"
    >
      <img
        alt="Plant"
        class="MuiBox-root css-1guk29"
        src="default"
      />
      <div
        class="MuiContainer-root MuiContainer-maxWidthMd css-xdmu94-MuiContainer-root"
      >
        <div
          class="MuiGrid2-root MuiGrid2-container MuiGrid2-direction-xs-row css-1pi8xg4-MuiGrid2-root"
        >
          <div
            class="MuiGrid2-root MuiGrid2-direction-xs-row MuiGrid2-grid-xs-12 MuiGrid2-grid-md-8 css-4jx1gz-MuiGrid2-root"
          >
            <h1
              class="MuiTypography-root MuiTypography-h1 css-1bvf1x2-MuiTypography-root"
            >
              Bringing Nature Indoors
            </h1>
            <p
              class="MuiTypography-root MuiTypography-body1 css-ahj2mt-MuiTypography-root"
            >
              Step into a lush oasis of tranquility with our exquisite collection of indoor plants, where every leaf tells a story of beauty and natural elegance.
            </p>
          </div>
          <div
            class="MuiGrid2-root MuiGrid2-direction-xs-row MuiGrid2-grid-xs-12 MuiGrid2-grid-md-4 css-1d6tzcd-MuiGrid2-root"
          >
            <div
              class="MuiBox-root css-0"
            >
              <div
                class="MuiPaper-root MuiPaper-elevation MuiPaper-rounded MuiPaper-elevation3 css-3su884-MuiPaper-root"
              >
                <div
                  class="MuiBox-root css-0"
                >
                  <img
                    alt="Plant"
                    class="MuiBox-root css-0"
                    src="image.png"
                  />
                  <div
                    class="MuiBox-root css-0"
                  >
                    <div
                      class="MuiTypography-root MuiTypography-h5 MuiTypography-gutterBottom css-ix1vfo-MuiTypography-root"
                    >
                      Product Test1
                    </div>
                    <p
                      class="MuiTypography-root MuiTypography-body2 css-r40f8v-MuiTypography-root"
                    >
                      Description 1
                    </p>
                  </div>
                </div>
                <div
                  class="MuiBox-root css-0"
                >
                  <div
                    class="MuiBox-root css-0"
                  >
                    <p
                      class="MuiTypography-root MuiTypography-body1 css-1coh8cf-MuiTypography-root"
                    >
                      20
                       â‚¬
                    </p>
                  </div>
                  <div
                    class="MuiBox-root css-0"
                  >
                    <button
                      aria-label="add"
                      class="MuiButtonBase-root MuiIconButton-root MuiIconButton-sizeLarge css-16rd89w-MuiButtonBase-root-MuiIconButton-root"
                      data-mui-internal-clone-element="true"
                      tabindex="0"
                      type="button"
                    >
                      <svg
                        aria-hidden="true"
                        class="MuiSvgIcon-root MuiSvgIcon-fontSizeMedium css-i4bv87-MuiSvgIcon-root"
                        data-testid="AddShoppingCartIcon"
                        focusable="false"
                        viewBox="0 0 24 24"
                      >
                        <path
                          d="M11 9h2V6h3V4h-3V1h-2v3H8v2h3zm-4 9c-1.1 0-1.99.9-1.99 2S5.9 22 7 22s2-.9 2-2-.9-2-2-2m10 0c-1.1 0-1.99.9-1.99 2s.89 2 1.99 2 2-.9 2-2-.9-2-2-2m-9.83-3.25.03-.12.9-1.63h7.45c.75 0 1.41-.41 1.75-1.03l3.86-7.01L19.42 4h-.01l-1.1 2-2.76 5H8.53l-.13-.27L6.16 6l-.95-2-.94-2H1v2h2l3.6 7.59-1.35 2.45c-.16.28-.25.61-.25.96 0 1.1.9 2 2 2h12v-2H7.42c-.13 0-.25-.11-.25-.25"
                        />
                      </svg>
                      <span
                        class="MuiTouchRipple-root css-8je8zh-MuiTouchRipple-root"
                      />
                    </button>
                  </div>
                </div>
              </div>
            </div>
          </div>
          <div
            class="MuiGrid2-root MuiGrid2-direction-xs-row MuiGrid2-grid-xs-12 css-16fnxy3-MuiGrid2-root"
          >
            <h4
              class="MuiTypography-root MuiTypography-h4 css-5lbw0b-MuiTypography-root"
            >
              Promotions
            </h4>
          </div>
          <div
            class="MuiGrid2-root MuiGrid2-direction-xs-row MuiGrid2-grid-xs-12 css-8e9h1c-MuiGrid2-root"
          >
            <div
              class="MuiBox-root css-0"
              data-testid="info"
            >
              <div
                class="MuiPaper-root MuiPaper-elevation MuiPaper-rounded MuiPaper-elevation3 css-3su884-MuiPaper-root"
              >
                <div
                  class="MuiBox-root css-1nnw2ij"
                >
                  <img
                    alt="Plant"
                    class="MuiBox-root css-0"
                    src="/images/home/promo.webp"
                  />
                  <div
                    class="MuiBox-root css-0"
                  >
                    <div
                      class="MuiTypography-root MuiTypography-h5 MuiTypography-gutterBottom css-1r10n4f-MuiTypography-root"
                    >
                      Summer time
                    </div>
                    <p
                      class="MuiTypography-root MuiTypography-body2 css-r40f8v-MuiTypography-root"
                    >
                      Take advantage of an additional discount during the summer using the promotional code:
                    </p>
                    <h6
                      class="MuiTypography-root MuiTypography-h6 css-2ulfj5-MuiTypography-root"
                    >
                      SUMMER2024
                    </h6>
                    <div
                      class="MuiBox-root css-0"
                    >
                      <button
                        class="MuiButtonBase-root MuiButton-root MuiButton-contained MuiButton-containedPrimary MuiButton-sizeMedium MuiButton-containedSizeMedium MuiButton-colorPrimary MuiButton-root MuiButton-contained MuiButton-containedPrimary MuiButton-sizeMedium MuiButton-containedSizeMedium MuiButton-colorPrimary css-lll1vm-MuiButtonBase-root-MuiButton-root"
                        tabindex="0"
                        type="button"
                      >
                        To Catalog
                        <span
                          class="MuiTouchRipple-root css-8je8zh-MuiTouchRipple-root"
                        />
                      </button>
                    </div>
                  </div>
                </div>
              </div>
            </div>
          </div>
          <div
            class="MuiGrid2-root MuiGrid2-direction-xs-row MuiGrid2-grid-xs-12 css-16fnxy3-MuiGrid2-root"
          >
            <h4
              class="MuiTypography-root MuiTypography-h4 css-5lbw0b-MuiTypography-root"
            >
              Our special offers
            </h4>
          </div>
          <div
            class="MuiGrid2-root MuiGrid2-direction-xs-row MuiGrid2-grid-xs-12 css-8e9h1c-MuiGrid2-root"
          >
            <div
              class="MuiBox-root css-i9gxme"
            >
              <div
                class="MuiGrid2-root MuiGrid2-container MuiGrid2-direction-xs-row MuiGrid2-spacing-xs-2 MuiGrid2-spacing-md-3 css-phooid-MuiGrid2-root"
              >
                <div
                  class="MuiGrid2-root MuiGrid2-direction-xs-row MuiGrid2-grid-xs-4 MuiGrid2-grid-sm-4 MuiGrid2-grid-md-4 css-rxdc07-MuiGrid2-root"
                >
                  <div
                    class="MuiBox-root css-0"
                  >
                    <div
                      class="MuiPaper-root MuiPaper-elevation MuiPaper-rounded MuiPaper-elevation3 css-3su884-MuiPaper-root"
                    >
                      <div
                        class="MuiBox-root css-0"
                      >
                        <img
                          alt="Plant"
                          class="MuiBox-root css-0"
                          src="image2.png"
                        />
                        <div
                          class="MuiBox-root css-0"
                        >
                          <div
                            class="MuiTypography-root MuiTypography-h5 MuiTypography-gutterBottom css-ix1vfo-MuiTypography-root"
                          >
                            Product Test2
                          </div>
                          <p
                            class="MuiTypography-root MuiTypography-body2 css-r40f8v-MuiTypography-root"
                          >
                            Description 2
                          </p>
                        </div>
                      </div>
                      <div
                        class="MuiBox-root css-0"
                      >
                        <div
                          class="MuiBox-root css-0"
                        >
                          <p
                            class="MuiTypography-root MuiTypography-body1 css-1coh8cf-MuiTypography-root"
                          >
                            20
                             â‚¬
                          </p>
                        </div>
                        <div
                          class="MuiBox-root css-0"
                        >
                          <button
                            aria-label="add"
                            class="MuiButtonBase-root MuiIconButton-root MuiIconButton-sizeLarge css-16rd89w-MuiButtonBase-root-MuiIconButton-root"
                            data-mui-internal-clone-element="true"
                            tabindex="0"
                            type="button"
                          >
                            <svg
                              aria-hidden="true"
                              class="MuiSvgIcon-root MuiSvgIcon-fontSizeMedium css-i4bv87-MuiSvgIcon-root"
                              data-testid="AddShoppingCartIcon"
                              focusable="false"
                              viewBox="0 0 24 24"
                            >
                              <path
                                d="M11 9h2V6h3V4h-3V1h-2v3H8v2h3zm-4 9c-1.1 0-1.99.9-1.99 2S5.9 22 7 22s2-.9 2-2-.9-2-2-2m10 0c-1.1 0-1.99.9-1.99 2s.89 2 1.99 2 2-.9 2-2-.9-2-2-2m-9.83-3.25.03-.12.9-1.63h7.45c.75 0 1.41-.41 1.75-1.03l3.86-7.01L19.42 4h-.01l-1.1 2-2.76 5H8.53l-.13-.27L6.16 6l-.95-2-.94-2H1v2h2l3.6 7.59-1.35 2.45c-.16.28-.25.61-.25.96 0 1.1.9 2 2 2h12v-2H7.42c-.13 0-.25-.11-.25-.25"
                              />
                            </svg>
                            <span
                              class="MuiTouchRipple-root css-8je8zh-MuiTouchRipple-root"
                            />
                          </button>
                        </div>
                      </div>
                    </div>
                  </div>
                </div>
              </div>
            </div>
          </div>
        </div>
      </div>
    </div>
  </div>,
  "debug": [Function],
  "findAllByAltText": [Function],
  "findAllByDisplayValue": [Function],
  "findAllByLabelText": [Function],
  "findAllByPlaceholderText": [Function],
  "findAllByRole": [Function],
  "findAllByTestId": [Function],
  "findAllByText": [Function],
  "findAllByTitle": [Function],
  "findByAltText": [Function],
  "findByDisplayValue": [Function],
  "findByLabelText": [Function],
  "findByPlaceholderText": [Function],
  "findByRole": [Function],
  "findByTestId": [Function],
  "findByText": [Function],
  "findByTitle": [Function],
  "getAllByAltText": [Function],
  "getAllByDisplayValue": [Function],
  "getAllByLabelText": [Function],
  "getAllByPlaceholderText": [Function],
  "getAllByRole": [Function],
  "getAllByTestId": [Function],
  "getAllByText": [Function],
  "getAllByTitle": [Function],
  "getByAltText": [Function],
  "getByDisplayValue": [Function],
  "getByLabelText": [Function],
  "getByPlaceholderText": [Function],
  "getByRole": [Function],
  "getByTestId": [Function],
  "getByText": [Function],
  "getByTitle": [Function],
  "queryAllByAltText": [Function],
  "queryAllByDisplayValue": [Function],
  "queryAllByLabelText": [Function],
  "queryAllByPlaceholderText": [Function],
  "queryAllByRole": [Function],
  "queryAllByTestId": [Function],
  "queryAllByText": [Function],
  "queryAllByTitle": [Function],
  "queryByAltText": [Function],
  "queryByDisplayValue": [Function],
  "queryByLabelText": [Function],
  "queryByPlaceholderText": [Function],
  "queryByRole": [Function],
  "queryByTestId": [Function],
  "queryByText": [Function],
  "queryByTitle": [Function],
  "rerender": [Function],
  "unmount": [Function],
}
`;
